00:00 +0: loading d:/projects/i-tech/pepites-academy/mobile/test/presentation/pages/ateliers/ateliers_page_test.dart
00:00 +0: (setUpAll)
00:00 +0: AteliersPage Tests Affiche le Loading State quand getAteliers est en cours
00:01 +1: AteliersPage Tests Affiche le Empty State quand il n'y a aucun atelier
00:02 +2: AteliersPage Tests Ne doit pas afficher le bouton Appliquer si la seance est fermee
══╡ EXCEPTION CAUGHT BY WIDGETS LIBRARY ╞═══════════════════════════════════════════════════════════
The following _TypeError was thrown building:
type 'Null' is not a subtype of type 'bool'

When the exception was thrown, this was the stack:
#0      MockExerciceState.isLoading (file:///d:/projects/i-tech/pepites-academy/mobile/test/presentation/pages/ateliers/ateliers_page_test.dart:19:7)
#1      _AteliersPageState._buildAteliersList.<anonymous closure> (package:pepites_academy_mobile/src/presentation/pages/ateliers/ateliers_page.dart:359:50)
#2      SliverReorderableListState._itemBuilder (package:flutter/src/widgets/reorderable_list.dart:1041:44)
#3      SliverChildBuilderDelegate.build (package:flutter/src/widgets/scroll_delegate.dart:552:22)
#4      SliverMultiBoxAdaptorElement._build (package:flutter/src/widgets/sliver.dart:1055:28)
#5      SliverMultiBoxAdaptorElement.createChild.<anonymous closure> (package:flutter/src/widgets/sliver.dart:1071:55)
#6      BuildOwner.buildScope (package:flutter/src/widgets/framework.dart:3101:19)
#7      SliverMultiBoxAdaptorElement.createChild (package:flutter/src/widgets/sliver.dart:1061:12)
#8      RenderSliverMultiBoxAdaptor._createOrObtainChild.<anonymous closure> (package:flutter/src/rendering/sliver_multi_box_adaptor.dart:368:23)
#9      RenderObject.invokeLayoutCallback.<anonymous closure> (package:flutter/src/rendering/object.dart:2887:17)
#10     PipelineOwner._enableMutationsToDirtySubtrees (package:flutter/src/rendering/object.dart:1223:15)
#11     RenderObject.invokeLayoutCallback (package:flutter/src/rendering/object.dart:2886:14)
#12     RenderSliverMultiBoxAdaptor._createOrObtainChild (package:flutter/src/rendering/sliver_multi_box_adaptor.dart:357:5)
#13     RenderSliverMultiBoxAdaptor.addInitialChild (package:flutter/src/rendering/sliver_multi_box_adaptor.dart:455:5)
#14     RenderSliverList.performLayout (package:flutter/src/rendering/sliver_list.dart:79:12)
#15     RenderObject.layout (package:flutter/src/rendering/object.dart:2768:7)
#16     RenderSliverEdgeInsetsPadding.performLayout (package:flutter/src/rendering/sliver_padding.dart:133:12)
#17     RenderSliverPadding.performLayout (package:flutter/src/rendering/sliver_padding.dart:368:11)
#18     RenderObject.layout (package:flutter/src/rendering/object.dart:2768:7)
#19     RenderViewportBase.layoutChildSequence (package:flutter/src/rendering/viewport.dart:673:13)
#20     RenderViewport._attemptLayout (package:flutter/src/rendering/viewport.dart:1684:12)
#21     RenderViewport.performLayout (package:flutter/src/rendering/viewport.dart:1575:20)
#22     RenderObject.layout (package:flutter/src/rendering/object.dart:2768:7)
#23     RenderProxyBoxMixin.performLayout (package:flutter/src/rendering/proxy_box.dart:118:18)
#24     RenderObject.layout (package:flutter/src/rendering/object.dart:2768:7)
#25     RenderProxyBoxMixin.performLayout (package:flutter/src/rendering/proxy_box.dart:118:18)
#26     RenderObject.layout (package:flutter/src/rendering/object.dart:2768:7)
#27     RenderProxyBoxMixin.performLayout (package:flutter/src/rendering/proxy_box.dart:118:18)
#28     RenderObject.layout (package:flutter/src/rendering/object.dart:2768:7)
#29     RenderProxyBoxMixin.performLayout (package:flutter/src/rendering/proxy_box.dart:118:18)
#30     RenderObject.layout (package:flutter/src/rendering/object.dart:2768:7)
#31     RenderProxyBoxMixin.performLayout (package:flutter/src/rendering/proxy_box.dart:118:18)
#32     RenderObject.layout (package:flutter/src/rendering/object.dart:2768:7)
#33     RenderProxyBoxMixin.performLayout (package:flutter/src/rendering/proxy_box.dart:118:18)
#34     RenderObject.layout (package:flutter/src/rendering/object.dart:2768:7)
#35     RenderProxyBoxMixin.performLayout (package:flutter/src/rendering/proxy_box.dart:118:18)
#36     RenderObject.layout (package:flutter/src/rendering/object.dart:2768:7)
#37     RenderProxyBoxMixin.performLayout (package:flutter/src/rendering/proxy_box.dart:118:18)
#38     _RenderCustomClip.performLayout (package:flutter/src/rendering/proxy_box.dart:1549:11)
#39     RenderObject.layout (package:flutter/src/rendering/object.dart:2768:7)
#40     MultiChildLayoutDelegate.layoutChild (package:flutter/src/rendering/custom_layout.dart:180:12)
#41     _ScaffoldLayout.performLayout (package:flutter/src/material/scaffold.dart:1111:7)
#42     MultiChildLayoutDelegate._callPerformLayout (package:flutter/src/rendering/custom_layout.dart:246:7)
#43     RenderCustomMultiChildLayoutBox.performLayout (package:flutter/src/rendering/custom_layout.dart:417:14)
#44     RenderObject.layout (package:flutter/src/rendering/object.dart:2768:7)
#45     RenderProxyBoxMixin.performLayout (package:flutter/src/rendering/proxy_box.dart:118:18)
#46     RenderObject.layout (package:flutter/src/rendering/object.dart:2768:7)
#47     RenderProxyBoxMixin.performLayout (package:flutter/src/rendering/proxy_box.dart:118:18)
#48     _RenderCustomClip.performLayout (package:flutter/src/rendering/proxy_box.dart:1549:11)
#49     RenderObject.layout (package:flutter/src/rendering/object.dart:2768:7)
#50     RenderProxyBoxMixin.performLayout (package:flutter/src/rendering/proxy_box.dart:118:18)
#51     RenderObject.layout (package:flutter/src/rendering/object.dart:2768:7)
#52     RenderProxyBoxMixin.performLayout (package:flutter/src/rendering/proxy_box.dart:118:18)
#53     RenderObject.layout (package:flutter/src/rendering/object.dart:2768:7)
#54     RenderProxyBoxMixin.performLayout (package:flutter/src/rendering/proxy_box.dart:118:18)
#55     RenderObject.layout (package:flutter/src/rendering/object.dart:2768:7)
#56     RenderProxyBoxMixin.performLayout (package:flutter/src/rendering/proxy_box.dart:118:18)
#57     RenderObject.layout (package:flutter/src/rendering/object.dart:2768:7)
#58     RenderProxyBoxMixin.performLayout (package:flutter/src/rendering/proxy_box.dart:118:18)
#59     RenderObject.layout (package:flutter/src/rendering/object.dart:2768:7)
#60     RenderProxyBoxMixin.performLayout (package:flutter/src/rendering/proxy_box.dart:118:18)
#61     RenderObject.layout (package:flutter/src/rendering/object.dart:2768:7)
#62     RenderProxyBoxMixin.performLayout (package:flutter/src/rendering/proxy_box.dart:118:18)
#63     RenderObject.layout (package:flutter/src/rendering/object.dart:2768:7)
#64     RenderProxyBoxMixin.performLayout (package:flutter/src/rendering/proxy_box.dart:118:18)
#65     RenderObject.layout (package:flutter/src/rendering/object.dart:2768:7)
#66     RenderProxyBoxMixin.performLayout (package:flutter/src/rendering/proxy_box.dart:118:18)
#67     RenderObject.layout (package:flutter/src/rendering/object.dart:2768:7)
#68     RenderProxyBoxMixin.performLayout (package:flutter/src/rendering/proxy_box.dart:118:18)
#69     RenderObject.layout (package:flutter/src/rendering/object.dart:2768:7)
#70     RenderProxyBoxMixin.performLayout (package:flutter/src/rendering/proxy_box.dart:118:18)
#71     RenderObject.layout (package:flutter/src/rendering/object.dart:2768:7)
#72     RenderProxyBoxMixin.performLayout (package:flutter/src/rendering/proxy_box.dart:118:18)
#73     RenderObject.layout (package:flutter/src/rendering/object.dart:2768:7)
#74     RenderProxyBoxMixin.performLayout (package:flutter/src/rendering/proxy_box.dart:118:18)
#75     RenderObject.layout (package:flutter/src/rendering/object.dart:2768:7)
#76     RenderProxyBoxMixin.performLayout (package:flutter/src/rendering/proxy_box.dart:118:18)
#77     RenderObject.layout (package:flutter/src/rendering/object.dart:2768:7)
#78     RenderProxyBoxMixin.performLayout (package:flutter/src/rendering/proxy_box.dart:118:18)
#79     RenderObject.layout (package:flutter/src/rendering/object.dart:2768:7)
#80     RenderProxyBoxMixin.performLayout (package:flutter/src/rendering/proxy_box.dart:118:18)
#81     RenderOffstage.performLayout (package:flutter/src/rendering/proxy_box.dart:3923:13)
#82     RenderObject.layout (package:flutter/src/rendering/object.dart:2768:7)
#83     RenderProxyBoxMixin.performLayout (package:flutter/src/rendering/proxy_box.dart:118:18)
#84     RenderObject.layout (package:flutter/src/rendering/object.dart:2768:7)
#85     _RenderTheaterMixin.layoutChild (package:flutter/src/widgets/overlay.dart:1084:13)
#86     _RenderTheater.performLayout (package:flutter/src/widgets/overlay.dart:1429:9)
#87     RenderObject.layout (package:flutter/src/rendering/object.dart:2768:7)
#88     RenderProxyBoxMixin.performLayout (package:flutter/src/rendering/proxy_box.dart:118:18)
#89     RenderObject.layout (package:flutter/src/rendering/object.dart:2768:7)
#90     RenderProxyBoxMixin.performLayout (package:flutter/src/rendering/proxy_box.dart:118:18)
#91     RenderObject.layout (package:flutter/src/rendering/object.dart:2768:7)
#92     RenderProxyBoxMixin.performLayout (package:flutter/src/rendering/proxy_box.dart:118:18)
#93     RenderObject.layout (package:flutter/src/rendering/object.dart:2768:7)
#94     RenderProxyBoxMixin.performLayout (package:flutter/src/rendering/proxy_box.dart:118:18)
#95     RenderCustomPaint.performLayout (package:flutter/src/rendering/custom_paint.dart:574:11)
#96     RenderObject.layout (package:flutter/src/rendering/object.dart:2768:7)
#97     RenderProxyBoxMixin.performLayout (package:flutter/src/rendering/proxy_box.dart:118:18)
#98     RenderObject.layout (package:flutter/src/rendering/object.dart:2768:7)
#99     RenderProxyBoxMixin.performLayout (package:flutter/src/rendering/proxy_box.dart:118:18)
#100    RenderObject.layout (package:flutter/src/rendering/object.dart:2768:7)
#101    RenderProxyBoxMixin.performLayout (package:flutter/src/rendering/proxy_box.dart:118:18)
#102    RenderObject.layout (package:flutter/src/rendering/object.dart:2768:7)
#103    RenderProxyBoxMixin.performLayout (package:flutter/src/rendering/proxy_box.dart:118:18)
#104    RenderObject.layout (package:flutter/src/rendering/object.dart:2768:7)
#105    RenderProxyBoxMixin.performLayout (package:flutter/src/rendering/proxy_box.dart:118:18)
#106    RenderObject.layout (package:flutter/src/rendering/object.dart:2768:7)
#107    RenderProxyBoxMixin.performLayout (package:flutter/src/rendering/proxy_box.dart:118:18)
#108    RenderObject.layout (package:flutter/src/rendering/object.dart:2768:7)
#109    RenderView.performLayout (package:flutter/src/rendering/view.dart:292:12)
#110    RenderObject._layoutWithoutResize (package:flutter/src/rendering/object.dart:2616:7)
#111    PipelineOwner.flushLayout (package:flutter/src/rendering/object.dart:1174:18)
#112    PipelineOwner.flushLayout (package:flutter/src/rendering/object.dart:1187:15)
#113    AutomatedTestWidgetsFlutterBinding.drawFrame (package:flutter_test/src/binding.dart:2133:27)
#114    RendererBinding._handlePersistentFrameCallback (package:flutter/src/rendering/binding.dart:495:5)
#115    SchedulerBinding._invokeFrameCallback (package:flutter/src/scheduler/binding.dart:1430:15)
#116    SchedulerBinding.handleDrawFrame (package:flutter/src/scheduler/binding.dart:1345:9)
#117    AutomatedTestWidgetsFlutterBinding.pump.<anonymous closure> (package:flutter_test/src/binding.dart:1960:9)
#120    TestAsyncUtils.guard (package:flutter_test/src/test_async_utils.dart:74:41)
#121    AutomatedTestWidgetsFlutterBinding.pump (package:flutter_test/src/binding.dart:1949:27)
#122    WidgetTester.pumpWidget.<anonymous closure> (package:flutter_test/src/widget_tester.dart:598:22)
#125    TestAsyncUtils.guard (package:flutter_test/src/test_async_utils.dart:74:41)
#126    WidgetTester.pumpWidget (package:flutter_test/src/widget_tester.dart:595:27)
#127    main.<anonymous closure>.<anonymous closure> (file:///d:/projects/i-tech/pepites-academy/mobile/test/presentation/pages/ateliers/ateliers_page_test.dart:142:20)
#128    testWidgets.<anonymous closure>.<anonymous closure> (package:flutter_test/src/widget_tester.dart:192:29)
<asynchronous suspension>
#129    TestWidgetsFlutterBinding._runTestBody (package:flutter_test/src/binding.dart:1682:5)
<asynchronous suspension>
<asynchronous suspension>
(elided 5 frames from dart:async and package:stack_trace)
════════════════════════════════════════════════════════════════════════════════════════════════════
══╡ EXCEPTION CAUGHT BY FLUTTER TEST FRAMEWORK ╞════════════════════════════════════════════════════
The following _TypeError was thrown running a test:
type 'Null' is not a subtype of type 'Future<void>'

When the exception was thrown, this was the stack:
#0      MockExerciceState.chargerExercices (file:///d:/projects/i-tech/pepites-academy/mobile/test/presentation/pages/ateliers/ateliers_page_test.dart:19:7)
#1      _AteliersPageState._loadData (package:pepites_academy_mobile/src/presentation/pages/ateliers/ateliers_page.dart:112:22)
<asynchronous suspension>

The test description was:
  Ne doit pas afficher le bouton Appliquer si la seance est fermee
════════════════════════════════════════════════════════════════════════════════════════════════════
══╡ EXCEPTION CAUGHT BY FLUTTER TEST FRAMEWORK ╞════════════════════════════════════════════════════
The following message was thrown:
Multiple exceptions (2) were detected during the running of the current test, and at least one was
unexpected.
════════════════════════════════════════════════════════════════════════════════════════════════════
00:02 +2 -1: AteliersPage Tests Ne doit pas afficher le bouton Appliquer si la seance est fermee [E]
  Test failed. See exception logs above.
  The test description was: Ne doit pas afficher le bouton Appliquer si la seance est fermee
  
══╡ EXCEPTION CAUGHT BY WIDGETS LIBRARY ╞═══════════════════════════════════════════════════════════
The following _TypeError was thrown building:
type 'Null' is not a subtype of type 'bool'

When the exception was thrown, this was the stack:
#0      MockExerciceState.isLoading (file:///d:/projects/i-tech/pepites-academy/mobile/test/presentation/pages/ateliers/ateliers_page_test.dart:19:7)
#1      _AteliersPageState._buildAteliersList.<anonymous closure> (package:pepites_academy_mobile/src/presentation/pages/ateliers/ateliers_page.dart:359:50)
#2      SliverReorderableListState._itemBuilder (package:flutter/src/widgets/reorderable_list.dart:1041:44)
#3      SliverChildBuilderDelegate.build (package:flutter/src/widgets/scroll_delegate.dart:552:22)
#4      SliverMultiBoxAdaptorElement._build (package:flutter/src/widgets/sliver.dart:1055:28)
#5      SliverMultiBoxAdaptorElement.performRebuild.processElement (package:flutter/src/widgets/sliver.dart:981:11)
#6      Iterable.forEach (dart:core/iterable.dart:366:35)
#7      SliverMultiBoxAdaptorElement.performRebuild (package:flutter/src/widgets/sliver.dart:1032:24)
#8      SliverMultiBoxAdaptorElement.update (package:flutter/src/widgets/sliver.dart:955:7)
#9      Element.updateChild (package:flutter/src/widgets/framework.dart:4037:15)
#10     ComponentElement.performRebuild (package:flutter/src/widgets/framework.dart:5841:16)
#11     StatefulElement.performRebuild (package:flutter/src/widgets/framework.dart:5982:11)
#12     Element.rebuild (package:flutter/src/widgets/framework.dart:5529:7)
#13     StatefulElement.update (package:flutter/src/widgets/framework.dart:6007:5)
#14     Element.updateChild (package:flutter/src/widgets/framework.dart:4037:15)
#15     SingleChildRenderObjectElement.update (package:flutter/src/widgets/framework.dart:7122:14)
#16     Element.updateChild (package:flutter/src/widgets/framework.dart:4037:15)
#17     Element.updateChildren (package:flutter/src/widgets/framework.dart:4191:32)
#18     MultiChildRenderObjectElement.update (package:flutter/src/widgets/framework.dart:7295:17)
#19     _ViewportElement.update (package:flutter/src/widgets/viewport.dart:264:11)
#20     Element.updateChild (package:flutter/src/widgets/framework.dart:4037:15)
#21     SingleChildRenderObjectElement.update (package:flutter/src/widgets/framework.dart:7122:14)
#22     Element.updateChild (package:flutter/src/widgets/framework.dart:4037:15)
#23     SingleChildRenderObjectElement.update (package:flutter/src/widgets/framework.dart:7122:14)
#24     Element.updateChild (package:flutter/src/widgets/framework.dart:4037:15)
#25     SingleChildRenderObjectElement.update (package:flutter/src/widgets/framework.dart:7122:14)
#26     Element.updateChild (package:flutter/src/widgets/framework.dart:4037:15)
#27     SingleChildRenderObjectElement.update (package:flutter/src/widgets/framework.dart:7122:14)
#28     Element.updateChild (package:flutter/src/widgets/framework.dart:4037:15)
#29     ComponentElement.performRebuild (package:flutter/src/widgets/framework.dart:5841:16)
#30     StatefulElement.performRebuild (package:flutter/src/widgets/framework.dart:5982:11)
#31     Element.rebuild (package:flutter/src/widgets/framework.dart:5529:7)
#32     StatefulElement.update (package:flutter/src/widgets/framework.dart:6007:5)
#33     Element.updateChild (package:flutter/src/widgets/framework.dart:4037:15)
#34     SingleChildRenderObjectElement.update (package:flutter/src/widgets/framework.dart:7122:14)
#35     Element.updateChild (package:flutter/src/widgets/framework.dart:4037:15)
#36     ComponentElement.performRebuild (package:flutter/src/widgets/framework.dart:5841:16)
#37     Element.rebuild (package:flutter/src/widgets/framework.dart:5529:7)
#38     ProxyElement.update (package:flutter/src/widgets/framework.dart:6149:5)
#39     Element.updateChild (package:flutter/src/widgets/framework.dart:4037:15)
#40     SingleChildRenderObjectElement.update (package:flutter/src/widgets/framework.dart:7122:14)
#41     Element.updateChild (package:flutter/src/widgets/framework.dart:4037:15)
#42     ComponentElement.performRebuild (package:flutter/src/widgets/framework.dart:5841:16)
#43     Element.rebuild (package:flutter/src/widgets/framework.dart:5529:7)
#44     ProxyElement.update (package:flutter/src/widgets/framework.dart:6149:5)
#45     Element.updateChild (package:flutter/src/widgets/framework.dart:4037:15)
#46     SingleChildRenderObjectElement.update (package:flutter/src/widgets/framework.dart:7122:14)
#47     Element.updateChild (package:flutter/src/widgets/framework.dart:4037:15)
#48     ComponentElement.performRebuild (package:flutter/src/widgets/framework.dart:5841:16)
#49     Element.rebuild (package:flutter/src/widgets/framework.dart:5529:7)
#50     StatelessElement.update (package:flutter/src/widgets/framework.dart:5895:5)
#51     Element.updateChild (package:flutter/src/widgets/framework.dart:4037:15)
#52     SingleChildRenderObjectElement.update (package:flutter/src/widgets/framework.dart:7122:14)
#53     Element.updateChild (package:flutter/src/widgets/framework.dart:4037:15)
#54     ComponentElement.performRebuild (package:flutter/src/widgets/framework.dart:5841:16)
#55     StatefulElement.performRebuild (package:flutter/src/widgets/framework.dart:5982:11)
#56     Element.rebuild (package:flutter/src/widgets/framework.dart:5529:7)
#57     StatefulElement.update (package:flutter/src/widgets/framework.dart:6007:5)
#58     Element.updateChild (package:flutter/src/widgets/framework.dart:4037:15)
#59     ComponentElement.performRebuild (package:flutter/src/widgets/framework.dart:5841:16)
#60     Element.rebuild (package:flutter/src/widgets/framework.dart:5529:7)
#61     ProxyElement.update (package:flutter/src/widgets/framework.dart:6149:5)
#62     Element.updateChild (package:flutter/src/widgets/framework.dart:4037:15)
#63     ComponentElement.performRebuild (package:flutter/src/widgets/framework.dart:5841:16)
#64     StatefulElement.performRebuild (package:flutter/src/widgets/framework.dart:5982:11)
#65     Element.rebuild (package:flutter/src/widgets/framework.dart:5529:7)
#66     StatefulElement.update (package:flutter/src/widgets/framework.dart:6007:5)
#67     Element.updateChild (package:flutter/src/widgets/framework.dart:4037:15)
#68     ComponentElement.performRebuild (package:flutter/src/widgets/framework.dart:5841:16)
#69     StatefulElement.performRebuild (package:flutter/src/widgets/framework.dart:5982:11)
#70     Element.rebuild (package:flutter/src/widgets/framework.dart:5529:7)
#71     StatefulElement.update (package:flutter/src/widgets/framework.dart:6007:5)
#72     Element.updateChild (package:flutter/src/widgets/framework.dart:4037:15)
#73     ComponentElement.performRebuild (package:flutter/src/widgets/framework.dart:5841:16)
#74     Element.rebuild (package:flutter/src/widgets/framework.dart:5529:7)
#75     ProxyElement.update (package:flutter/src/widgets/framework.dart:6149:5)
#76     Element.updateChild (package:flutter/src/widgets/framework.dart:4037:15)
#77     ComponentElement.performRebuild (package:flutter/src/widgets/framework.dart:5841:16)
#78     Element.rebuild (package:flutter/src/widgets/framework.dart:5529:7)
#79     StatelessElement.update (package:flutter/src/widgets/framework.dart:5895:5)
#80     Element.updateChild (package:flutter/src/widgets/framework.dart:4037:15)
#81     ComponentElement.performRebuild (package:flutter/src/widgets/framework.dart:5841:16)
#82     Element.rebuild (package:flutter/src/widgets/framework.dart:5529:7)
#83     StatelessElement.update (package:flutter/src/widgets/framework.dart:5895:5)
#84     Element.updateChild (package:flutter/src/widgets/framework.dart:4037:15)
#85     ComponentElement.performRebuild (package:flutter/src/widgets/framework.dart:5841:16)
#86     Element.rebuild (package:flutter/src/widgets/framework.dart:5529:7)
#87     StatelessElement.update (package:flutter/src/widgets/framework.dart:5895:5)
#88     Element.updateChild (package:flutter/src/widgets/framework.dart:4037:15)
#89     ComponentElement.performRebuild (package:flutter/src/widgets/framework.dart:5841:16)
#90     Element.rebuild (package:flutter/src/widgets/framework.dart:5529:7)
#91     ProxyElement.update (package:flutter/src/widgets/framework.dart:6149:5)
#92     Element.updateChild (package:flutter/src/widgets/framework.dart:4037:15)
#93     ComponentElement.performRebuild (package:flutter/src/widgets/framework.dart:5841:16)
#94     Element.rebuild (package:flutter/src/widgets/framework.dart:5529:7)
#95     ProxyElement.update (package:flutter/src/widgets/framework.dart:6149:5)
#96     Element.updateChild (package:flutter/src/widgets/framework.dart:4037:15)
#97     Element.updateChildren (package:flutter/src/widgets/framework.dart:4191:32)
#98     MultiChildRenderObjectElement.update (package:flutter/src/widgets/framework.dart:7295:17)
#99     Element.updateChild (package:flutter/src/widgets/framework.dart:4037:15)
#100    ComponentElement.performRebuild (package:flutter/src/widgets/framework.dart:5841:16)
#101    Element.rebuild (package:flutter/src/widgets/framework.dart:5529:7)
#102    ProxyElement.update (package:flutter/src/widgets/framework.dart:6149:5)
#103    Element.updateChild (package:flutter/src/widgets/framework.dart:4037:15)
#104    ComponentElement.performRebuild (package:flutter/src/widgets/framework.dart:5841:16)
#105    StatefulElement.performRebuild (package:flutter/src/widgets/framework.dart:5982:11)
#106    Element.rebuild (package:flutter/src/widgets/framework.dart:5529:7)
#107    StatefulElement.update (package:flutter/src/widgets/framework.dart:6007:5)
#108    Element.updateChild (package:flutter/src/widgets/framework.dart:4037:15)
#109    ComponentElement.performRebuild (package:flutter/src/widgets/framework.dart:5841:16)
#110    StatefulElement.performRebuild (package:flutter/src/widgets/framework.dart:5982:11)
#111    Element.rebuild (package:flutter/src/widgets/framework.dart:5529:7)
#112    StatefulElement.update (package:flutter/src/widgets/framework.dart:6007:5)
#113    Element.updateChild (package:flutter/src/widgets/framework.dart:4037:15)
#114    ComponentElement.performRebuild (package:flutter/src/widgets/framework.dart:5841:16)
#115    Element.rebuild (package:flutter/src/widgets/framework.dart:5529:7)
#116    ProxyElement.update (package:flutter/src/widgets/framework.dart:6149:5)
#117    Element.updateChild (package:flutter/src/widgets/framework.dart:4037:15)
#118    ComponentElement.performRebuild (package:flutter/src/widgets/framework.dart:5841:16)
#119    StatefulElement.performRebuild (package:flutter/src/widgets/framework.dart:5982:11)
#120    Element.rebuild (package:flutter/src/widgets/framework.dart:5529:7)
#121    StatefulElement.update (package:flutter/src/widgets/framework.dart:6007:5)
#122    Element.updateChild (package:flutter/src/widgets/framework.dart:4037:15)
#123    SingleChildRenderObjectElement.update (package:flutter/src/widgets/framework.dart:7122:14)
#124    Element.updateChild (package:flutter/src/widgets/framework.dart:4037:15)
#125    ComponentElement.performRebuild (package:flutter/src/widgets/framework.dart:5841:16)
#126    Element.rebuild (package:flutter/src/widgets/framework.dart:5529:7)
#127    ProxyElement.update (package:flutter/src/widgets/framework.dart:6149:5)
#128    Element.updateChild (package:flutter/src/widgets/framework.dart:4037:15)
#129    SingleChildRenderObjectElement.update (package:flutter/src/widgets/framework.dart:7122:14)
#130    Element.updateChild (package:flutter/src/widgets/framework.dart:4037:15)
#131    ComponentElement.performRebuild (package:flutter/src/widgets/framework.dart:5841:16)
#132    StatefulElement.performRebuild (package:flutter/src/widgets/framework.dart:5982:11)
#133    Element.rebuild (package:flutter/src/widgets/framework.dart:5529:7)
#134    StatefulElement.update (package:flutter/src/widgets/framework.dart:6007:5)
#135    Element.updateChild (package:flutter/src/widgets/framework.dart:4037:15)
#136    ComponentElement.performRebuild (package:flutter/src/widgets/framework.dart:5841:16)
#137    StatefulElement.performRebuild (package:flutter/src/widgets/framework.dart:5982:11)
#138    Element.rebuild (package:flutter/src/widgets/framework.dart:5529:7)
#139    StatefulElement.update (package:flutter/src/widgets/framework.dart:6007:5)
#140    Element.updateChild (package:flutter/src/widgets/framework.dart:4037:15)
#141    ComponentElement.performRebuild (package:flutter/src/widgets/framework.dart:5841:16)
#142    Element.rebuild (package:flutter/src/widgets/framework.dart:5529:7)
#143    ProxyElement.update (package:flutter/src/widgets/framework.dart:6149:5)
#144    Element.updateChild (package:flutter/src/widgets/framework.dart:4037:15)
#145    ComponentElement.performRebuild (package:flutter/src/widgets/framework.dart:5841:16)
#146    Element.rebuild (package:flutter/src/widgets/framework.dart:5529:7)
#147    ProxyElement.update (package:flutter/src/widgets/framework.dart:6149:5)
#148    Element.updateChild (package:flutter/src/widgets/framework.dart:4037:15)
#149    ComponentElement.performRebuild (package:flutter/src/widgets/framework.dart:5841:16)
#150    Element.rebuild (package:flutter/src/widgets/framework.dart:5529:7)
#151    ProxyElement.update (package:flutter/src/widgets/framework.dart:6149:5)
#152    Element.updateChild (package:flutter/src/widgets/framework.dart:4037:15)
#153    ComponentElement.performRebuild (package:flutter/src/widgets/framework.dart:5841:16)
#154    StatefulElement.performRebuild (package:flutter/src/widgets/framework.dart:5982:11)
#155    Element.rebuild (package:flutter/src/widgets/framework.dart:5529:7)
#156    StatefulElement.update (package:flutter/src/widgets/framework.dart:6007:5)
#157    Element.updateChild (package:flutter/src/widgets/framework.dart:4037:15)
#158    ComponentElement.performRebuild (package:flutter/src/widgets/framework.dart:5841:16)
#159    Element.rebuild (package:flutter/src/widgets/framework.dart:5529:7)
#160    ProxyElement.update (package:flutter/src/widgets/framework.dart:6149:5)
#161    Element.updateChild (package:flutter/src/widgets/framework.dart:4037:15)
#162    ComponentElement.performRebuild (package:flutter/src/widgets/framework.dart:5841:16)
#163    StatefulElement.performRebuild (package:flutter/src/widgets/framework.dart:5982:11)
#164    Element.rebuild (package:flutter/src/widgets/framework.dart:5529:7)
#165    StatefulElement.update (package:flutter/src/widgets/framework.dart:6007:5)
#166    Element.updateChild (package:flutter/src/widgets/framework.dart:4037:15)
#167    ComponentElement.performRebuild (package:flutter/src/widgets/framework.dart:5841:16)
#168    StatefulElement.performRebuild (package:flutter/src/widgets/framework.dart:5982:11)
#169    Element.rebuild (package:flutter/src/widgets/framework.dart:5529:7)
#170    BuildScope._tryRebuild (package:flutter/src/widgets/framework.dart:2750:15)
#171    BuildScope._flushDirtyElements (package:flutter/src/widgets/framework.dart:2807:11)
#172    BuildOwner.buildScope (package:flutter/src/widgets/framework.dart:3111:18)
#173    AutomatedTestWidgetsFlutterBinding.drawFrame (package:flutter_test/src/binding.dart:2131:19)
#174    RendererBinding._handlePersistentFrameCallback (package:flutter/src/rendering/binding.dart:495:5)
#175    SchedulerBinding._invokeFrameCallback (package:flutter/src/scheduler/binding.dart:1430:15)
#176    SchedulerBinding.handleDrawFrame (package:flutter/src/scheduler/binding.dart:1345:9)
#177    AutomatedTestWidgetsFlutterBinding.pump.<anonymous closure> (package:flutter_test/src/binding.dart:1960:9)
#180    TestAsyncUtils.guard (package:flutter_test/src/test_async_utils.dart:74:41)
#181    AutomatedTestWidgetsFlutterBinding.pump (package:flutter_test/src/binding.dart:1949:27)
#182    WidgetTester.pumpAndSettle.<anonymous closure> (package:flutter_test/src/widget_tester.dart:719:23)
#185    TestAsyncUtils.guard (package:flutter_test/src/test_async_utils.dart:74:41)
#186    WidgetTester.pumpAndSettle (package:flutter_test/src/widget_tester.dart:712:27)
#187    main.<anonymous closure>.<anonymous closure> (file:///d:/projects/i-tech/pepites-academy/mobile/test/presentation/pages/ateliers/ateliers_page_test.dart:143:20)
<asynchronous suspension>
#188    testWidgets.<anonymous closure>.<anonymous closure> (package:flutter_test/src/widget_tester.dart:192:15)
<asynchronous suspension>
#189    TestWidgetsFlutterBinding._runTestBody (package:flutter_test/src/binding.dart:1682:5)
<asynchronous suspension>
<asynchronous suspension>
(elided 5 frames from dart:async and package:stack_trace)
════════════════════════════════════════════════════════════════════════════════════════════════════
  Test failed. See exception logs above.
  The test description was: Ne doit pas afficher le bouton Appliquer si la seance est fermee
  
00:02 +2 -1: (tearDownAll)
00:02 +2 -1: Some tests failed.
